============================= test session starts =============================
platform win32 -- Python 3.14.3, pytest-9.0.2, pluggy-1.6.0 -- C:\Python314\python.exe
cachedir: .pytest_cache
rootdir: C:\Users\Admin\Documents\GitHub\madmom\web\backend
configfile: pytest.ini
plugins: asyncio-1.3.0, anyio-4.12.1, cov-7.0.0
asyncio: mode=Mode.AUTO, debug=False, asyncio_default_fixture_loop_scope=None, asyncio_default_test_loop_scope=function
collecting ... collected 2 items

web\backend\tests\test_pipeline_audio_io.py::test_load_returns_mono_float32 